// Jest Snapshot v1, https://goo.gl/fbAQLP

exports[`Home component Render Home 1`] = `
<div
  className="home"
>
  <div
    className="header"
  >
    <h1
      className="row row-reverse"
    >
      <div
        className="logo"
      >
        <ForwardRef(SvgCalendarAlt) />
         Maratornar App
      </div>
    </h1>
  </div>
  <div
    className="row"
  >
    <h2>
      Seasons
    </h2>
  </div>
  <Connect(withRouter(ListSeries)) />
</div>
`;
